// Jest Snapshot v1, https://goo.gl/fbAQLP

exports[`<BetSlip /> matches snapshot 1`] = `
<div
  className="sc-ifAKCX bzjFeX"
>
  <div>
    <div>
      //price value of the selected player
      <h1>
         Player : 
        zero
      </h1>
      //run down of the information for the bet. (type of bet, the bet number and the players value )
      <p>
         
        testing
         : 
        3
          
        0
      </p>
      //button to cancel the selected bet
      <button
        onClick={[Function]}
        style={
          Object {
            "color": "black",
          }
        }
      >
         X 
      </button>
    </div>
    <div>
      <h1>
         Player 1 : 
        one
      </h1>
      <h1>
         Player 2 : 
        1
      </h1>
      <p>
        won
      </p>
      <button
        onClick={[Function]}
        style={
          Object {
            "color": "black",
          }
        }
      >
         X 
      </button>
    </div>
    <div>
      <h1>
         Player 1 : 
        two
      </h1>
      <h1>
         Player 2 : 
        2
      </h1>
      <h1>
         Player 3 : 
        too
      </h1>
      <p>
        tu
      </p>
      <button
        onClick={[Function]}
        style={
          Object {
            "color": "black",
          }
        }
      >
         X 
      </button>
    </div>
    <div>
      //price value of the selected player
      <h1>
         Player : 
        test
      </h1>
      //run down of the information for the bet. (type of bet, the bet number and the players value )
      <p>
         
        testing
         : 
        3
          
        test
      </p>
      //button to cancel the selected bet
      <button
        onClick={[Function]}
        style={
          Object {
            "color": "black",
          }
        }
      >
         X 
      </button>
    </div>
  </div>
  //ternary for if you have made bets or not, if not ask to make a bet
  <div
    data-testid="container"
  >
    <svg
      height={128}
      shapeRendering="crispEdges"
      viewBox="0 0 89 89"
      width={128}
    >
      <path
        d="M0,0 h89v89H0z"
        fill="#FFFFFF"
      />
      <path
        d="M0 0h7v1H0zM11 0h1v1H11zM13 0h7v1H13zM21 0h1v1H21zM24 0h2v1H24zM28 0h1v1H28zM31 0h4v1H31zM37 0h2v1H37zM40 0h3v1H40zM46 0h6v1H46zM54 0h2v1H54zM60 0h1v1H60zM62 0h3v1H62zM66 0h1v1H66zM68 0h1v1H68zM78 0h3v1H78zM82,0 h7v1H82zM0 1h1v1H0zM6 1h1v1H6zM8 1h4v1H8zM14 1h3v1H14zM18 1h1v1H18zM20 1h1v1H20zM22 1h3v1H22zM26 1h1v1H26zM28 1h3v1H28zM35 1h2v1H35zM38 1h1v1H38zM42 1h1v1H42zM45 1h1v1H45zM48 1h1v1H48zM50 1h1v1H50zM54 1h1v1H54zM56 1h1v1H56zM61 1h1v1H61zM64 1h1v1H64zM66 1h1v1H66zM68 1h1v1H68zM71 1h5v1H71zM79 1h1v1H79zM82 1h1v1H82zM88,1 h1v1H88zM0 2h1v1H0zM2 2h3v1H2zM6 2h1v1H6zM8 2h2v1H8zM11 2h1v1H11zM13 2h2v1H13zM17 2h1v1H17zM19 2h1v1H19zM21 2h1v1H21zM24 2h2v1H24zM28 2h1v1H28zM30 2h2v1H30zM33 2h1v1H33zM37 2h3v1H37zM44 2h1v1H44zM53 2h3v1H53zM58 2h1v1H58zM62 2h3v1H62zM67 2h3v1H67zM72 2h2v1H72zM75 2h1v1H75zM77 2h1v1H77zM82 2h1v1H82zM84 2h3v1H84zM88,2 h1v1H88zM0 3h1v1H0zM2 3h3v1H2zM6 3h1v1H6zM9 3h2v1H9zM13 3h5v1H13zM19 3h1v1H19zM25 3h2v1H25zM31 3h5v1H31zM37 3h1v1H37zM41 3h1v1H41zM45 3h2v1H45zM49 3h2v1H49zM54 3h4v1H54zM59 3h6v1H59zM67 3h5v1H67zM75 3h4v1H75zM80 3h1v1H80zM82 3h1v1H82zM84 3h3v1H84zM88,3 h1v1H88zM0 4h1v1H0zM2 4h3v1H2zM6 4h1v1H6zM8 4h3v1H8zM12 4h1v1H12zM17 4h1v1H17zM20 4h1v1H20zM22 4h1v1H22zM28 4h7v1H28zM37 4h2v1H37zM40 4h4v1H40zM48 4h1v1H48zM50 4h3v1H50zM54 4h6v1H54zM61 4h2v1H61zM64 4h1v1H64zM66 4h1v1H66zM68 4h1v1H68zM70 4h4v1H70zM76 4h1v1H76zM79 4h1v1H79zM82 4h1v1H82zM84 4h3v1H84zM88,4 h1v1H88zM0 5h1v1H0zM6 5h1v1H6zM8 5h3v1H8zM12 5h1v1H12zM14 5h1v1H14zM16 5h3v1H16zM20 5h2v1H20zM25 5h2v1H25zM28 5h1v1H28zM32 5h2v1H32zM37 5h1v1H37zM39 5h1v1H39zM41 5h2v1H41zM45 5h2v1H45zM51 5h1v1H51zM54 5h1v1H54zM58 5h2v1H58zM63 5h1v1H63zM65 5h4v1H65zM72 5h1v1H72zM74 5h2v1H74zM77 5h1v1H77zM79 5h1v1H79zM82 5h1v1H82zM88,5 h1v1H88zM0 6h7v1H0zM8 6h1v1H8zM10 6h1v1H10zM12 6h1v1H12zM14 6h1v1H14zM16 6h1v1H16zM18 6h1v1H18zM20 6h1v1H20zM22 6h1v1H22zM24 6h1v1H24zM26 6h1v1H26zM28 6h1v1H28zM30 6h1v1H30zM32 6h1v1H32zM34 6h1v1H34zM36 6h1v1H36zM38 6h1v1H38zM40 6h1v1H40zM42 6h1v1H42zM44 6h1v1H44zM46 6h1v1H46zM48 6h1v1H48zM50 6h1v1H50zM52 6h1v1H52zM54 6h1v1H54zM56 6h1v1H56zM58 6h1v1H58zM60 6h1v1H60zM62 6h1v1H62zM64 6h1v1H64zM66 6h1v1H66zM68 6h1v1H68zM70 6h1v1H70zM72 6h1v1H72zM74 6h1v1H74zM76 6h1v1H76zM78 6h1v1H78zM80 6h1v1H80zM82,6 h7v1H82zM8 7h2v1H8zM12 7h4v1H12zM19 7h1v1H19zM21 7h1v1H21zM23 7h1v1H23zM25 7h1v1H25zM28 7h1v1H28zM32 7h3v1H32zM37 7h1v1H37zM39 7h1v1H39zM43 7h2v1H43zM46 7h3v1H46zM50 7h2v1H50zM53 7h2v1H53zM58 7h1v1H58zM60 7h1v1H60zM64 7h5v1H64zM70 7h1v1H70zM72 7h2v1H72zM80 7h1v1H80zM0 8h2v1H0zM3 8h1v1H3zM6 8h2v1H6zM11 8h1v1H11zM14 8h2v1H14zM17 8h2v1H17zM22 8h1v1H22zM24 8h1v1H24zM26 8h1v1H26zM28 8h5v1H28zM36 8h2v1H36zM40 8h1v1H40zM43 8h1v1H43zM46 8h1v1H46zM48 8h1v1H48zM50 8h3v1H50zM54 8h6v1H54zM62 8h1v1H62zM66 8h1v1H66zM71 8h2v1H71zM74 8h1v1H74zM76 8h1v1H76zM79 8h2v1H79zM82 8h3v1H82zM86 8h2v1H86zM3 9h1v1H3zM9 9h1v1H9zM11 9h3v1H11zM16 9h1v1H16zM18 9h2v1H18zM23 9h1v1H23zM26 9h1v1H26zM29 9h2v1H29zM36 9h1v1H36zM39 9h2v1H39zM49 9h1v1H49zM51 9h1v1H51zM53 9h1v1H53zM56 9h4v1H56zM61 9h2v1H61zM65 9h1v1H65zM67 9h1v1H67zM69 9h1v1H69zM71 9h3v1H71zM75 9h1v1H75zM77 9h1v1H77zM79 9h1v1H79zM81 9h3v1H81zM85 9h1v1H85zM87,9 h2v1H87zM2 10h1v1H2zM4 10h3v1H4zM10 10h1v1H10zM12 10h3v1H12zM17 10h5v1H17zM23 10h3v1H23zM27 10h1v1H27zM30 10h3v1H30zM34 10h2v1H34zM37 10h1v1H37zM40 10h1v1H40zM44 10h1v1H44zM46 10h1v1H46zM48 10h2v1H48zM51 10h3v1H51zM55 10h1v1H55zM57 10h3v1H57zM61 10h1v1H61zM63 10h1v1H63zM67 10h6v1H67zM76 10h2v1H76zM81 10h1v1H81zM83 10h1v1H83zM85 10h3v1H85zM0 11h2v1H0zM3 11h3v1H3zM7 11h1v1H7zM9 11h3v1H9zM14 11h1v1H14zM18 11h1v1H18zM20 11h1v1H20zM23 11h6v1H23zM32 11h2v1H32zM36 11h1v1H36zM39 11h3v1H39zM43 11h1v1H43zM46 11h1v1H46zM48 11h1v1H48zM51 11h2v1H51zM54 11h3v1H54zM59 11h2v1H59zM64 11h2v1H64zM68 11h2v1H68zM71 11h2v1H71zM80 11h1v1H80zM82 11h2v1H82zM86 11h2v1H86zM0 12h2v1H0zM3 12h5v1H3zM11 12h1v1H11zM14 12h3v1H14zM19 12h2v1H19zM22 12h3v1H22zM27 12h1v1H27zM29 12h2v1H29zM32 12h2v1H32zM35 12h2v1H35zM39 12h6v1H39zM47 12h2v1H47zM50 12h1v1H50zM52 12h3v1H52zM56 12h3v1H56zM60 12h2v1H60zM72 12h3v1H72zM76 12h8v1H76zM85 12h1v1H85zM87 12h1v1H87zM1 13h2v1H1zM4 13h2v1H4zM7 13h1v1H7zM9 13h2v1H9zM12 13h1v1H12zM15 13h2v1H15zM18 13h1v1H18zM22 13h2v1H22zM27 13h6v1H27zM34 13h1v1H34zM37 13h1v1H37zM40 13h1v1H40zM45 13h2v1H45zM48 13h1v1H48zM52 13h2v1H52zM55 13h1v1H55zM57 13h2v1H57zM62 13h4v1H62zM68 13h2v1H68zM71 13h2v1H71zM76 13h3v1H76zM80 13h1v1H80zM82 13h1v1H82zM84 13h1v1H84zM86 13h1v1H86zM2 14h1v1H2zM4 14h3v1H4zM8 14h3v1H8zM12 14h2v1H12zM15 14h1v1H15zM17 14h3v1H17zM22 14h1v1H22zM24 14h1v1H24zM26 14h1v1H26zM30 14h1v1H30zM32 14h2v1H32zM36 14h5v1H36zM43 14h1v1H43zM50 14h2v1H50zM56 14h4v1H56zM61 14h4v1H61zM66 14h4v1H66zM72 14h2v1H72zM76 14h1v1H76zM79 14h1v1H79zM81 14h3v1H81zM85 14h1v1H85zM87,14 h2v1H87zM0 15h1v1H0zM3 15h2v1H3zM8 15h3v1H8zM12 15h1v1H12zM14 15h1v1H14zM18 15h2v1H18zM23 15h2v1H23zM32 15h2v1H32zM36 15h2v1H36zM39 15h3v1H39zM44 15h1v1H44zM46 15h1v1H46zM48 15h1v1H48zM52 15h3v1H52zM56 15h1v1H56zM61 15h1v1H61zM64 15h1v1H64zM68 15h1v1H68zM72 15h1v1H72zM76 15h1v1H76zM78 15h1v1H78zM81 15h2v1H81zM88,15 h1v1H88zM1 16h2v1H1zM5 16h4v1H5zM11 16h2v1H11zM15 16h1v1H15zM17 16h2v1H17zM23 16h1v1H23zM25 16h4v1H25zM30 16h2v1H30zM33 16h5v1H33zM39 16h1v1H39zM44 16h1v1H44zM47 16h2v1H47zM50 16h1v1H50zM53 16h2v1H53zM56 16h1v1H56zM58 16h1v1H58zM60 16h1v1H60zM62 16h1v1H62zM67 16h1v1H67zM69 16h1v1H69zM73 16h1v1H73zM76 16h2v1H76zM81 16h1v1H81zM83 16h3v1H83zM88,16 h1v1H88zM0 17h2v1H0zM7 17h2v1H7zM13 17h3v1H13zM17 17h3v1H17zM26 17h1v1H26zM28 17h1v1H28zM30 17h1v1H30zM32 17h1v1H32zM37 17h3v1H37zM41 17h1v1H41zM43 17h2v1H43zM50 17h3v1H50zM56 17h4v1H56zM61 17h2v1H61zM64 17h1v1H64zM67 17h1v1H67zM69 17h2v1H69zM72 17h4v1H72zM79 17h1v1H79zM81 17h1v1H81zM84 17h1v1H84zM86 17h1v1H86zM1 18h3v1H1zM6 18h1v1H6zM9 18h3v1H9zM14 18h1v1H14zM18 18h1v1H18zM21 18h1v1H21zM23 18h1v1H23zM26 18h2v1H26zM30 18h3v1H30zM36 18h2v1H36zM39 18h1v1H39zM41 18h5v1H41zM48 18h1v1H48zM52 18h2v1H52zM56 18h3v1H56zM60 18h2v1H60zM63 18h1v1H63zM65 18h1v1H65zM69 18h2v1H69zM73 18h1v1H73zM77 18h3v1H77zM81 18h2v1H81zM85,18 h4v1H85zM1 19h1v1H1zM4 19h1v1H4zM7 19h2v1H7zM13 19h3v1H13zM17 19h5v1H17zM24 19h2v1H24zM27 19h1v1H27zM31 19h1v1H31zM33 19h1v1H33zM35 19h1v1H35zM37 19h3v1H37zM44 19h3v1H44zM48 19h2v1H48zM51 19h1v1H51zM54 19h2v1H54zM57 19h2v1H57zM60 19h1v1H60zM62 19h1v1H62zM65 19h1v1H65zM67 19h1v1H67zM70 19h1v1H70zM72 19h1v1H72zM77 19h1v1H77zM79 19h1v1H79zM81 19h2v1H81zM85 19h1v1H85zM88,19 h1v1H88zM0 20h2v1H0zM3 20h1v1H3zM5 20h2v1H5zM8 20h2v1H8zM11 20h4v1H11zM19 20h1v1H19zM22 20h3v1H22zM29 20h4v1H29zM35 20h3v1H35zM40 20h1v1H40zM43 20h1v1H43zM47 20h3v1H47zM52 20h4v1H52zM59 20h3v1H59zM65 20h1v1H65zM69 20h5v1H69zM76 20h1v1H76zM78 20h3v1H78zM83 20h2v1H83zM86,20 h3v1H86zM2 21h2v1H2zM8 21h2v1H8zM12 21h4v1H12zM18 21h2v1H18zM23 21h2v1H23zM26 21h2v1H26zM33 21h1v1H33zM37 21h1v1H37zM39 21h3v1H39zM47 21h2v1H47zM51 21h4v1H51zM57 21h2v1H57zM60 21h2v1H60zM65 21h1v1H65zM69 21h1v1H69zM73 21h1v1H73zM77 21h1v1H77zM79 21h2v1H79zM85 21h1v1H85zM87,21 h2v1H87zM4 22h4v1H4zM10 22h1v1H10zM13 22h2v1H13zM17 22h2v1H17zM24 22h2v1H24zM28 22h4v1H28zM33 22h3v1H33zM37 22h1v1H37zM43 22h2v1H43zM46 22h1v1H46zM48 22h2v1H48zM52 22h2v1H52zM55 22h1v1H55zM57 22h2v1H57zM60 22h1v1H60zM62 22h1v1H62zM64 22h2v1H64zM67 22h1v1H67zM69 22h1v1H69zM72 22h2v1H72zM75 22h3v1H75zM79 22h1v1H79zM81 22h1v1H81zM87 22h1v1H87zM0 23h1v1H0zM2 23h4v1H2zM7 23h1v1H7zM9 23h1v1H9zM11 23h5v1H11zM17 23h1v1H17zM19 23h1v1H19zM21 23h1v1H21zM27 23h1v1H27zM29 23h1v1H29zM31 23h11v1H31zM43 23h1v1H43zM46 23h3v1H46zM51 23h2v1H51zM56 23h1v1H56zM58 23h4v1H58zM69 23h1v1H69zM71 23h2v1H71zM74 23h1v1H74zM76 23h1v1H76zM78 23h6v1H78zM86 23h1v1H86zM88,23 h1v1H88zM0 24h1v1H0zM2 24h1v1H2zM4 24h1v1H4zM6 24h3v1H6zM10 24h5v1H10zM18 24h1v1H18zM20 24h1v1H20zM23 24h1v1H23zM26 24h5v1H26zM33 24h1v1H33zM36 24h5v1H36zM44 24h1v1H44zM46 24h3v1H46zM51 24h2v1H51zM55 24h1v1H55zM57 24h1v1H57zM60 24h3v1H60zM64 24h1v1H64zM69 24h2v1H69zM72 24h2v1H72zM79 24h1v1H79zM81 24h4v1H81zM88,24 h1v1H88zM0 25h1v1H0zM2 25h2v1H2zM5 25h1v1H5zM8 25h1v1H8zM10 25h2v1H10zM13 25h1v1H13zM18 25h1v1H18zM20 25h1v1H20zM23 25h1v1H23zM25 25h4v1H25zM30 25h2v1H30zM33 25h5v1H33zM39 25h2v1H39zM43 25h6v1H43zM52 25h9v1H52zM62 25h1v1H62zM64 25h2v1H64zM67 25h3v1H67zM71 25h2v1H71zM77 25h1v1H77zM80 25h1v1H80zM82 25h1v1H82zM86 25h1v1H86zM0 26h2v1H0zM3 26h4v1H3zM9 26h4v1H9zM14 26h3v1H14zM18 26h1v1H18zM23 26h3v1H23zM27 26h3v1H27zM35 26h4v1H35zM40 26h2v1H40zM44 26h1v1H44zM47 26h2v1H47zM50 26h1v1H50zM57 26h5v1H57zM64 26h1v1H64zM67 26h1v1H67zM69 26h1v1H69zM71 26h6v1H71zM78 26h1v1H78zM81 26h3v1H81zM85,26 h4v1H85zM0 27h1v1H0zM2 27h3v1H2zM8 27h2v1H8zM14 27h1v1H14zM17 27h1v1H17zM19 27h1v1H19zM21 27h1v1H21zM23 27h2v1H23zM26 27h3v1H26zM33 27h1v1H33zM35 27h3v1H35zM39 27h2v1H39zM43 27h3v1H43zM48 27h1v1H48zM53 27h1v1H53zM60 27h2v1H60zM64 27h1v1H64zM68 27h1v1H68zM70 27h1v1H70zM73 27h2v1H73zM76 27h1v1H76zM80 27h1v1H80zM82 27h1v1H82zM85 27h1v1H85zM1 28h1v1H1zM3 28h6v1H3zM10 28h1v1H10zM14 28h1v1H14zM17 28h3v1H17zM22 28h4v1H22zM27 28h7v1H27zM36 28h2v1H36zM41 28h2v1H41zM44 28h1v1H44zM46 28h6v1H46zM54 28h5v1H54zM61 28h1v1H61zM64 28h4v1H64zM70 28h1v1H70zM74 28h1v1H74zM76 28h1v1H76zM80 28h6v1H80zM2 29h1v1H2zM4 29h1v1H4zM8 29h2v1H8zM12 29h1v1H12zM15 29h2v1H15zM18 29h1v1H18zM20 29h2v1H20zM27 29h2v1H27zM32 29h2v1H32zM38 29h1v1H38zM41 29h1v1H41zM44 29h1v1H44zM48 29h1v1H48zM50 29h1v1H50zM52 29h1v1H52zM54 29h1v1H54zM58 29h1v1H58zM61 29h1v1H61zM63 29h2v1H63zM66 29h2v1H66zM69 29h1v1H69zM72 29h4v1H72zM79 29h2v1H79zM84 29h3v1H84zM88,29 h1v1H88zM1 30h1v1H1zM3 30h2v1H3zM6 30h1v1H6zM8 30h1v1H8zM10 30h1v1H10zM12 30h1v1H12zM15 30h1v1H15zM17 30h3v1H17zM23 30h2v1H23zM27 30h2v1H27zM30 30h1v1H30zM32 30h5v1H32zM40 30h1v1H40zM45 30h1v1H45zM48 30h2v1H48zM51 30h1v1H51zM53 30h2v1H53zM56 30h1v1H56zM58 30h2v1H58zM61 30h1v1H61zM65 30h2v1H65zM69 30h2v1H69zM72 30h2v1H72zM75 30h1v1H75zM77 30h2v1H77zM80 30h1v1H80zM82 30h1v1H82zM84,30 h5v1H84zM2 31h1v1H2zM4 31h1v1H4zM8 31h1v1H8zM11 31h2v1H11zM15 31h3v1H15zM19 31h2v1H19zM22 31h1v1H22zM24 31h1v1H24zM26 31h1v1H26zM28 31h1v1H28zM32 31h1v1H32zM35 31h2v1H35zM42 31h1v1H42zM44 31h2v1H44zM47 31h2v1H47zM51 31h1v1H51zM53 31h2v1H53zM58 31h1v1H58zM60 31h1v1H60zM65 31h1v1H65zM67 31h4v1H67zM74 31h1v1H74zM77 31h1v1H77zM80 31h1v1H80zM84 31h2v1H84zM87 31h1v1H87zM1 32h1v1H1zM4 32h5v1H4zM13 32h2v1H13zM16 32h5v1H16zM22 32h1v1H22zM24 32h1v1H24zM27 32h7v1H27zM36 32h3v1H36zM40 32h1v1H40zM43 32h1v1H43zM45 32h2v1H45zM48 32h1v1H48zM50 32h3v1H50zM54 32h6v1H54zM61 32h1v1H61zM64 32h1v1H64zM66 32h1v1H66zM71 32h1v1H71zM74 32h1v1H74zM76 32h1v1H76zM79 32h8v1H79zM88,32 h1v1H88zM0 33h1v1H0zM2 33h2v1H2zM5 33h1v1H5zM7 33h1v1H7zM9 33h1v1H9zM12 33h2v1H12zM15 33h3v1H15zM19 33h1v1H19zM23 33h1v1H23zM32 33h1v1H32zM36 33h1v1H36zM39 33h3v1H39zM47 33h2v1H47zM53 33h4v1H53zM58 33h2v1H58zM61 33h2v1H61zM65 33h2v1H65zM69 33h6v1H69zM77 33h4v1H77zM83 33h3v1H83zM87,33 h2v1H87zM0 34h1v1H0zM2 34h1v1H2zM4 34h1v1H4zM6 34h4v1H6zM11 34h2v1H11zM14 34h1v1H14zM19 34h2v1H19zM22 34h3v1H22zM26 34h1v1H26zM28 34h1v1H28zM32 34h5v1H32zM43 34h1v1H43zM46 34h3v1H46zM51 34h1v1H51zM53 34h3v1H53zM58 34h1v1H58zM60 34h1v1H60zM63 34h1v1H63zM65 34h1v1H65zM67 34h1v1H67zM69 34h4v1H69zM77 34h3v1H77zM81 34h1v1H81zM84 34h2v1H84zM87 34h1v1H87zM1 35h1v1H1zM4 35h2v1H4zM7 35h1v1H7zM9 35h1v1H9zM11 35h8v1H11zM20 35h1v1H20zM27 35h6v1H27zM36 35h1v1H36zM38 35h1v1H38zM40 35h1v1H40zM45 35h1v1H45zM48 35h3v1H48zM52 35h1v1H52zM54 35h2v1H54zM58 35h2v1H58zM62 35h1v1H62zM64 35h1v1H64zM69 35h1v1H69zM71 35h4v1H71zM80 35h1v1H80zM84 35h1v1H84zM86 35h2v1H86zM1 36h1v1H1zM6 36h2v1H6zM10 36h1v1H10zM12 36h1v1H12zM14 36h2v1H14zM19 36h1v1H19zM22 36h5v1H22zM29 36h1v1H29zM32 36h1v1H32zM34 36h3v1H34zM38 36h4v1H38zM43 36h2v1H43zM47 36h2v1H47zM51 36h4v1H51zM57 36h2v1H57zM61 36h1v1H61zM64 36h3v1H64zM68 36h3v1H68zM73 36h2v1H73zM79 36h2v1H79zM84 36h1v1H84zM88,36 h1v1H88zM2 37h2v1H2zM5 37h1v1H5zM8 37h3v1H8zM12 37h1v1H12zM14 37h1v1H14zM16 37h2v1H16zM20 37h1v1H20zM23 37h2v1H23zM26 37h1v1H26zM28 37h1v1H28zM31 37h2v1H31zM34 37h2v1H34zM44 37h3v1H44zM49 37h1v1H49zM51 37h1v1H51zM53 37h2v1H53zM57 37h1v1H57zM59 37h2v1H59zM63 37h1v1H63zM65 37h1v1H65zM67 37h1v1H67zM69 37h1v1H69zM71 37h2v1H71zM75 37h1v1H75zM77 37h1v1H77zM79 37h1v1H79zM82 37h4v1H82zM88,37 h1v1H88zM0 38h1v1H0zM3 38h1v1H3zM5 38h3v1H5zM11 38h3v1H11zM15 38h1v1H15zM17 38h2v1H17zM23 38h1v1H23zM25 38h1v1H25zM29 38h1v1H29zM31 38h1v1H31zM38 38h2v1H38zM45 38h1v1H45zM47 38h1v1H47zM49 38h2v1H49zM52 38h1v1H52zM54 38h3v1H54zM58 38h4v1H58zM64 38h1v1H64zM69 38h1v1H69zM71 38h4v1H71zM76 38h1v1H76zM79 38h2v1H79zM82 38h2v1H82zM85 38h1v1H85zM87,38 h2v1H87zM3 39h1v1H3zM5 39h1v1H5zM8 39h1v1H8zM11 39h4v1H11zM17 39h2v1H17zM20 39h1v1H20zM23 39h1v1H23zM25 39h2v1H25zM28 39h1v1H28zM30 39h3v1H30zM36 39h2v1H36zM39 39h2v1H39zM44 39h1v1H44zM48 39h2v1H48zM51 39h3v1H51zM55 39h1v1H55zM58 39h1v1H58zM61 39h1v1H61zM64 39h3v1H64zM68 39h3v1H68zM72 39h3v1H72zM76 39h2v1H76zM83 39h2v1H83zM87,39 h2v1H87zM2 40h2v1H2zM6 40h5v1H6zM12 40h3v1H12zM16 40h3v1H16zM23 40h1v1H23zM25 40h3v1H25zM30 40h4v1H30zM35 40h5v1H35zM42 40h1v1H42zM44 40h2v1H44zM47 40h2v1H47zM53 40h3v1H53zM58 40h1v1H58zM64 40h1v1H64zM66 40h2v1H66zM69 40h1v1H69zM73 40h2v1H73zM77 40h3v1H77zM82 40h3v1H82zM2 41h1v1H2zM4 41h1v1H4zM9 41h1v1H9zM11 41h1v1H11zM13 41h3v1H13zM17 41h1v1H17zM19 41h2v1H19zM24 41h1v1H24zM26 41h2v1H26zM29 41h1v1H29zM32 41h1v1H32zM36 41h3v1H36zM41 41h1v1H41zM43 41h1v1H43zM47 41h2v1H47zM50 41h1v1H50zM54 41h1v1H54zM56 41h1v1H56zM60 41h3v1H60zM64 41h1v1H64zM66 41h4v1H66zM71 41h1v1H71zM73 41h1v1H73zM76 41h1v1H76zM79 41h1v1H79zM83 41h2v1H83zM87,41 h2v1H87zM0 42h5v1H0zM6 42h2v1H6zM9 42h1v1H9zM12 42h1v1H12zM15 42h3v1H15zM19 42h2v1H19zM22 42h1v1H22zM26 42h3v1H26zM32 42h1v1H32zM36 42h1v1H36zM39 42h3v1H39zM44 42h1v1H44zM47 42h1v1H47zM49 42h1v1H49zM51 42h3v1H51zM55 42h1v1H55zM58 42h1v1H58zM61 42h1v1H61zM63 42h3v1H63zM67 42h3v1H67zM72 42h2v1H72zM77 42h2v1H77zM81 42h2v1H81zM84 42h1v1H84zM86,42 h3v1H86zM2 43h4v1H2zM8 43h1v1H8zM10 43h4v1H10zM16 43h3v1H16zM20 43h1v1H20zM22 43h2v1H22zM25 43h5v1H25zM31 43h1v1H31zM33 43h2v1H33zM37 43h3v1H37zM41 43h1v1H41zM44 43h1v1H44zM47 43h4v1H47zM60 43h2v1H60zM65 43h3v1H65zM69 43h1v1H69zM73 43h2v1H73zM76 43h4v1H76zM82 43h1v1H82zM84 43h2v1H84zM88,43 h1v1H88zM3 44h2v1H3zM6 44h1v1H6zM11 44h1v1H11zM13 44h1v1H13zM18 44h3v1H18zM22 44h2v1H22zM29 44h1v1H29zM33 44h1v1H33zM36 44h1v1H36zM40 44h2v1H40zM43 44h1v1H43zM45 44h1v1H45zM47 44h2v1H47zM52 44h4v1H52zM57 44h1v1H57zM59 44h3v1H59zM65 44h1v1H65zM69 44h6v1H69zM76 44h1v1H76zM79 44h1v1H79zM81 44h2v1H81zM84 44h1v1H84zM86,44 h3v1H86zM1 45h1v1H1zM3 45h3v1H3zM7 45h5v1H7zM19 45h1v1H19zM22 45h1v1H22zM26 45h1v1H26zM29 45h1v1H29zM32 45h1v1H32zM37 45h1v1H37zM40 45h2v1H40zM43 45h2v1H43zM47 45h1v1H47zM51 45h8v1H51zM61 45h1v1H61zM63 45h4v1H63zM68 45h2v1H68zM71 45h4v1H71zM77 45h1v1H77zM79 45h2v1H79zM82 45h1v1H82zM1 46h1v1H1zM4 46h5v1H4zM13 46h2v1H13zM17 46h2v1H17zM20 46h4v1H20zM25 46h2v1H25zM29 46h1v1H29zM32 46h4v1H32zM37 46h1v1H37zM39 46h1v1H39zM44 46h3v1H44zM48 46h2v1H48zM53 46h2v1H53zM56 46h1v1H56zM62 46h1v1H62zM65 46h1v1H65zM68 46h3v1H68zM77 46h1v1H77zM79 46h1v1H79zM81 46h2v1H81zM84 46h1v1H84zM86 46h2v1H86zM1 47h3v1H1zM10 47h4v1H10zM15 47h1v1H15zM17 47h1v1H17zM19 47h1v1H19zM21 47h1v1H21zM23 47h4v1H23zM29 47h5v1H29zM36 47h2v1H36zM40 47h1v1H40zM45 47h1v1H45zM48 47h6v1H48zM55 47h2v1H55zM59 47h2v1H59zM62 47h1v1H62zM65 47h1v1H65zM67 47h1v1H67zM69 47h6v1H69zM76 47h1v1H76zM80 47h1v1H80zM83 47h2v1H83zM86,47 h3v1H86zM0 48h1v1H0zM3 48h1v1H3zM5 48h3v1H5zM9 48h1v1H9zM13 48h2v1H13zM16 48h1v1H16zM18 48h2v1H18zM23 48h1v1H23zM27 48h1v1H27zM31 48h1v1H31zM36 48h9v1H36zM48 48h1v1H48zM51 48h6v1H51zM58 48h1v1H58zM64 48h1v1H64zM66 48h1v1H66zM68 48h1v1H68zM72 48h1v1H72zM77 48h2v1H77zM80 48h2v1H80zM83 48h2v1H83zM88,48 h1v1H88zM2 49h1v1H2zM4 49h2v1H4zM7 49h2v1H7zM11 49h1v1H11zM13 49h2v1H13zM16 49h1v1H16zM18 49h1v1H18zM23 49h1v1H23zM25 49h2v1H25zM28 49h1v1H28zM30 49h1v1H30zM32 49h1v1H32zM34 49h4v1H34zM39 49h1v1H39zM44 49h1v1H44zM46 49h2v1H46zM51 49h2v1H51zM54 49h1v1H54zM56 49h1v1H56zM58 49h1v1H58zM63 49h1v1H63zM65 49h2v1H65zM68 49h3v1H68zM76 49h2v1H76zM79 49h2v1H79zM84 49h1v1H84zM87 49h1v1H87zM2 50h1v1H2zM4 50h4v1H4zM9 50h1v1H9zM11 50h2v1H11zM14 50h1v1H14zM17 50h2v1H17zM20 50h3v1H20zM24 50h1v1H24zM27 50h4v1H27zM33 50h1v1H33zM38 50h1v1H38zM40 50h2v1H40zM44 50h2v1H44zM48 50h5v1H48zM55 50h2v1H55zM58 50h4v1H58zM69 50h5v1H69zM78 50h1v1H78zM80 50h2v1H80zM83 50h2v1H83zM86,50 h3v1H86zM1 51h2v1H1zM8 51h1v1H8zM10 51h1v1H10zM12 51h1v1H12zM14 51h2v1H14zM20 51h1v1H20zM22 51h5v1H22zM29 51h1v1H29zM32 51h1v1H32zM34 51h1v1H34zM36 51h2v1H36zM40 51h1v1H40zM43 51h2v1H43zM47 51h2v1H47zM51 51h3v1H51zM55 51h1v1H55zM57 51h2v1H57zM60 51h2v1H60zM64 51h2v1H64zM68 51h2v1H68zM72 51h2v1H72zM76 51h3v1H76zM83 51h2v1H83zM87 51h1v1H87zM0 52h4v1H0zM5 52h3v1H5zM11 52h1v1H11zM16 52h6v1H16zM23 52h3v1H23zM27 52h3v1H27zM31 52h1v1H31zM34 52h3v1H34zM41 52h2v1H41zM44 52h1v1H44zM48 52h1v1H48zM50 52h2v1H50zM53 52h2v1H53zM56 52h1v1H56zM60 52h2v1H60zM65 52h5v1H65zM76 52h5v1H76zM82 52h3v1H82zM87,52 h2v1H87zM1 53h2v1H1zM5 53h1v1H5zM7 53h1v1H7zM9 53h1v1H9zM13 53h1v1H13zM15 53h1v1H15zM18 53h2v1H18zM21 53h2v1H21zM29 53h1v1H29zM34 53h1v1H34zM36 53h1v1H36zM38 53h3v1H38zM43 53h2v1H43zM49 53h2v1H49zM52 53h1v1H52zM54 53h1v1H54zM56 53h1v1H56zM60 53h5v1H60zM67 53h1v1H67zM69 53h1v1H69zM72 53h4v1H72zM80 53h2v1H80zM85 53h1v1H85zM87,53 h2v1H87zM1 54h1v1H1zM3 54h6v1H3zM12 54h2v1H12zM15 54h2v1H15zM20 54h5v1H20zM26 54h1v1H26zM28 54h5v1H28zM34 54h2v1H34zM40 54h1v1H40zM43 54h2v1H43zM47 54h1v1H47zM51 54h8v1H51zM60 54h1v1H60zM63 54h1v1H63zM65 54h1v1H65zM67 54h3v1H67zM73 54h1v1H73zM76 54h2v1H76zM79 54h8v1H79zM88,54 h1v1H88zM2 55h1v1H2zM4 55h1v1H4zM8 55h1v1H8zM11 55h1v1H11zM18 55h1v1H18zM22 55h2v1H22zM25 55h1v1H25zM28 55h1v1H28zM32 55h3v1H32zM36 55h2v1H36zM39 55h1v1H39zM41 55h1v1H41zM43 55h2v1H43zM48 55h2v1H48zM51 55h1v1H51zM54 55h1v1H54zM58 55h1v1H58zM60 55h1v1H60zM64 55h1v1H64zM66 55h2v1H66zM69 55h1v1H69zM72 55h1v1H72zM76 55h5v1H76zM84 55h2v1H84zM87,55 h2v1H87zM0 56h1v1H0zM3 56h2v1H3zM6 56h1v1H6zM8 56h1v1H8zM10 56h1v1H10zM14 56h1v1H14zM16 56h2v1H16zM19 56h2v1H19zM22 56h1v1H22zM24 56h1v1H24zM28 56h1v1H28zM30 56h1v1H30zM32 56h1v1H32zM34 56h1v1H34zM36 56h1v1H36zM40 56h2v1H40zM43 56h1v1H43zM45 56h1v1H45zM48 56h1v1H48zM51 56h4v1H51zM56 56h1v1H56zM58 56h3v1H58zM62 56h1v1H62zM64 56h1v1H64zM69 56h3v1H69zM74 56h1v1H74zM76 56h1v1H76zM78 56h1v1H78zM80 56h1v1H80zM82 56h1v1H82zM84 56h1v1H84zM86 56h2v1H86zM1 57h1v1H1zM3 57h2v1H3zM8 57h2v1H8zM11 57h1v1H11zM16 57h2v1H16zM19 57h1v1H19zM23 57h2v1H23zM26 57h1v1H26zM28 57h1v1H28zM32 57h2v1H32zM35 57h1v1H35zM47 57h2v1H47zM52 57h3v1H52zM58 57h5v1H58zM65 57h6v1H65zM73 57h5v1H73zM79 57h2v1H79zM84 57h1v1H84zM86 57h1v1H86zM88,57 h1v1H88zM1 58h8v1H1zM11 58h1v1H11zM13 58h3v1H13zM18 58h2v1H18zM22 58h1v1H22zM25 58h1v1H25zM27 58h6v1H27zM34 58h4v1H34zM39 58h1v1H39zM41 58h1v1H41zM43 58h2v1H43zM46 58h1v1H46zM48 58h2v1H48zM54 58h7v1H54zM64 58h2v1H64zM68 58h3v1H68zM72 58h1v1H72zM74 58h2v1H74zM77 58h8v1H77zM87 58h1v1H87zM1 59h3v1H1zM5 59h1v1H5zM7 59h1v1H7zM9 59h1v1H9zM12 59h2v1H12zM15 59h3v1H15zM19 59h1v1H19zM22 59h1v1H22zM25 59h2v1H25zM29 59h2v1H29zM32 59h1v1H32zM36 59h6v1H36zM43 59h1v1H43zM45 59h2v1H45zM48 59h7v1H48zM56 59h2v1H56zM59 59h4v1H59zM64 59h1v1H64zM66 59h1v1H66zM68 59h7v1H68zM76 59h2v1H76zM80 59h4v1H80zM86,59 h3v1H86zM0 60h3v1H0zM4 60h5v1H4zM10 60h1v1H10zM14 60h2v1H14zM19 60h1v1H19zM23 60h1v1H23zM28 60h2v1H28zM31 60h1v1H31zM33 60h4v1H33zM39 60h2v1H39zM42 60h1v1H42zM44 60h1v1H44zM47 60h2v1H47zM50 60h1v1H50zM52 60h1v1H52zM57 60h2v1H57zM60 60h3v1H60zM64 60h3v1H64zM78 60h1v1H78zM81 60h3v1H81zM85 60h1v1H85zM88,60 h1v1H88zM3 61h2v1H3zM8 61h4v1H8zM13 61h1v1H13zM15 61h2v1H15zM18 61h1v1H18zM20 61h1v1H20zM23 61h2v1H23zM28 61h1v1H28zM30 61h1v1H30zM34 61h1v1H34zM44 61h1v1H44zM46 61h2v1H46zM49 61h1v1H49zM51 61h3v1H51zM55 61h1v1H55zM60 61h1v1H60zM63 61h8v1H63zM75 61h1v1H75zM77 61h6v1H77zM6 62h1v1H6zM9 62h2v1H9zM13 62h1v1H13zM15 62h2v1H15zM18 62h1v1H18zM22 62h2v1H22zM26 62h1v1H26zM28 62h1v1H28zM30 62h3v1H30zM36 62h3v1H36zM40 62h2v1H40zM44 62h2v1H44zM48 62h6v1H48zM55 62h1v1H55zM57 62h1v1H57zM60 62h2v1H60zM64 62h1v1H64zM67 62h3v1H67zM71 62h1v1H71zM73 62h2v1H73zM80 62h2v1H80zM83 62h2v1H83zM86 62h1v1H86zM0 63h3v1H0zM4 63h1v1H4zM9 63h2v1H9zM14 63h1v1H14zM18 63h2v1H18zM23 63h2v1H23zM28 63h3v1H28zM34 63h4v1H34zM39 63h2v1H39zM43 63h2v1H43zM47 63h1v1H47zM51 63h2v1H51zM54 63h1v1H54zM56 63h2v1H56zM60 63h5v1H60zM68 63h2v1H68zM71 63h2v1H71zM76 63h1v1H76zM80 63h5v1H80zM87,63 h2v1H87zM2 64h1v1H2zM5 64h2v1H5zM10 64h1v1H10zM12 64h2v1H12zM20 64h1v1H20zM23 64h1v1H23zM25 64h2v1H25zM28 64h2v1H28zM36 64h2v1H36zM39 64h1v1H39zM41 64h1v1H41zM43 64h3v1H43zM47 64h5v1H47zM54 64h4v1H54zM61 64h2v1H61zM66 64h2v1H66zM72 64h3v1H72zM77 64h2v1H77zM81 64h1v1H81zM83 64h1v1H83zM86 64h1v1H86zM1 65h3v1H1zM5 65h1v1H5zM7 65h2v1H7zM11 65h1v1H11zM13 65h1v1H13zM15 65h1v1H15zM18 65h3v1H18zM22 65h1v1H22zM24 65h1v1H24zM27 65h1v1H27zM30 65h1v1H30zM38 65h1v1H38zM40 65h2v1H40zM43 65h1v1H43zM45 65h1v1H45zM50 65h1v1H50zM54 65h1v1H54zM57 65h1v1H57zM60 65h2v1H60zM66 65h4v1H66zM71 65h1v1H71zM73 65h1v1H73zM80 65h1v1H80zM82 65h1v1H82zM86,65 h3v1H86zM1 66h1v1H1zM3 66h1v1H3zM5 66h2v1H5zM8 66h1v1H8zM11 66h3v1H11zM15 66h2v1H15zM18 66h1v1H18zM23 66h1v1H23zM26 66h3v1H26zM30 66h1v1H30zM35 66h1v1H35zM37 66h1v1H37zM40 66h1v1H40zM47 66h2v1H47zM51 66h2v1H51zM55 66h2v1H55zM60 66h2v1H60zM64 66h2v1H64zM68 66h2v1H68zM73 66h1v1H73zM76 66h2v1H76zM80 66h3v1H80zM85,66 h4v1H85zM3 67h1v1H3zM7 67h1v1H7zM12 67h1v1H12zM15 67h1v1H15zM19 67h1v1H19zM21 67h2v1H21zM24 67h1v1H24zM27 67h1v1H27zM29 67h2v1H29zM36 67h1v1H36zM39 67h1v1H39zM42 67h5v1H42zM48 67h2v1H48zM51 67h1v1H51zM54 67h4v1H54zM65 67h1v1H65zM67 67h4v1H67zM72 67h2v1H72zM76 67h4v1H76zM82 67h2v1H82zM85 67h1v1H85zM87 67h1v1H87zM0 68h1v1H0zM6 68h5v1H6zM17 68h3v1H17zM22 68h3v1H22zM26 68h5v1H26zM32 68h3v1H32zM36 68h1v1H36zM38 68h6v1H38zM46 68h1v1H46zM48 68h2v1H48zM52 68h1v1H52zM57 68h1v1H57zM59 68h1v1H59zM61 68h1v1H61zM64 68h2v1H64zM68 68h1v1H68zM71 68h1v1H71zM73 68h2v1H73zM76 68h3v1H76zM81 68h4v1H81zM86 68h1v1H86zM88,68 h1v1H88zM0 69h1v1H0zM2 69h2v1H2zM7 69h1v1H7zM9 69h1v1H9zM11 69h2v1H11zM14 69h4v1H14zM19 69h1v1H19zM22 69h3v1H22zM26 69h1v1H26zM28 69h1v1H28zM31 69h3v1H31zM36 69h1v1H36zM39 69h3v1H39zM43 69h3v1H43zM48 69h1v1H48zM53 69h3v1H53zM61 69h1v1H61zM63 69h3v1H63zM68 69h2v1H68zM73 69h1v1H73zM76 69h3v1H76zM80 69h1v1H80zM82 69h1v1H82zM86 69h1v1H86zM88,69 h1v1H88zM2 70h3v1H2zM6 70h1v1H6zM8 70h3v1H8zM12 70h2v1H12zM16 70h1v1H16zM18 70h1v1H18zM24 70h1v1H24zM26 70h7v1H26zM34 70h1v1H34zM36 70h1v1H36zM39 70h2v1H39zM43 70h2v1H43zM46 70h2v1H46zM49 70h1v1H49zM51 70h1v1H51zM54 70h2v1H54zM57 70h1v1H57zM59 70h2v1H59zM63 70h2v1H63zM68 70h3v1H68zM72 70h1v1H72zM75 70h1v1H75zM77 70h1v1H77zM79 70h2v1H79zM85 70h3v1H85zM0 71h1v1H0zM3 71h2v1H3zM7 71h1v1H7zM10 71h5v1H10zM16 71h3v1H16zM20 71h3v1H20zM25 71h1v1H25zM28 71h3v1H28zM36 71h1v1H36zM38 71h5v1H38zM45 71h1v1H45zM47 71h3v1H47zM52 71h2v1H52zM57 71h1v1H57zM59 71h4v1H59zM64 71h2v1H64zM69 71h1v1H69zM71 71h1v1H71zM73 71h2v1H73zM76 71h2v1H76zM79 71h1v1H79zM82 71h1v1H82zM86 71h1v1H86zM2 72h6v1H2zM9 72h2v1H9zM13 72h1v1H13zM15 72h6v1H15zM23 72h2v1H23zM26 72h1v1H26zM28 72h1v1H28zM35 72h4v1H35zM40 72h1v1H40zM42 72h1v1H42zM44 72h1v1H44zM46 72h3v1H46zM51 72h2v1H51zM54 72h1v1H54zM57 72h1v1H57zM61 72h2v1H61zM64 72h2v1H64zM69 72h2v1H69zM72 72h3v1H72zM76 72h3v1H76zM80 72h3v1H80zM87,72 h2v1H87zM3 73h3v1H3zM7 73h3v1H7zM11 73h2v1H11zM15 73h1v1H15zM17 73h1v1H17zM20 73h1v1H20zM23 73h1v1H23zM25 73h2v1H25zM28 73h5v1H28zM34 73h1v1H34zM36 73h2v1H36zM39 73h2v1H39zM44 73h1v1H44zM46 73h1v1H46zM48 73h2v1H48zM56 73h5v1H56zM65 73h2v1H65zM68 73h3v1H68zM76 73h2v1H76zM79 73h3v1H79zM87 73h1v1H87zM2 74h6v1H2zM9 74h1v1H9zM15 74h3v1H15zM20 74h1v1H20zM23 74h1v1H23zM25 74h2v1H25zM28 74h3v1H28zM32 74h1v1H32zM37 74h3v1H37zM47 74h4v1H47zM52 74h3v1H52zM57 74h3v1H57zM61 74h4v1H61zM69 74h1v1H69zM73 74h1v1H73zM76 74h1v1H76zM78 74h1v1H78zM80 74h1v1H80zM82 74h3v1H82zM87,74 h2v1H87zM0 75h1v1H0zM2 75h1v1H2zM7 75h1v1H7zM12 75h1v1H12zM14 75h1v1H14zM16 75h2v1H16zM21 75h1v1H21zM26 75h1v1H26zM28 75h3v1H28zM33 75h1v1H33zM35 75h2v1H35zM38 75h4v1H38zM44 75h1v1H44zM47 75h3v1H47zM52 75h3v1H52zM57 75h1v1H57zM60 75h1v1H60zM62 75h1v1H62zM64 75h2v1H64zM68 75h3v1H68zM72 75h3v1H72zM76 75h6v1H76zM84 75h1v1H84zM87 75h1v1H87zM0 76h1v1H0zM2 76h1v1H2zM4 76h5v1H4zM10 76h1v1H10zM15 76h1v1H15zM17 76h3v1H17zM22 76h5v1H22zM28 76h1v1H28zM30 76h1v1H30zM32 76h2v1H32zM35 76h2v1H35zM44 76h2v1H44zM48 76h2v1H48zM51 76h1v1H51zM55 76h1v1H55zM57 76h2v1H57zM60 76h1v1H60zM64 76h2v1H64zM67 76h1v1H67zM69 76h1v1H69zM72 76h3v1H72zM78 76h2v1H78zM81 76h1v1H81zM85 76h1v1H85zM1 77h5v1H1zM7 77h1v1H7zM10 77h1v1H10zM13 77h1v1H13zM15 77h2v1H15zM20 77h2v1H20zM27 77h1v1H27zM29 77h1v1H29zM31 77h3v1H31zM35 77h1v1H35zM38 77h3v1H38zM47 77h1v1H47zM50 77h2v1H50zM54 77h2v1H54zM58 77h1v1H58zM61 77h1v1H61zM63 77h1v1H63zM67 77h1v1H67zM69 77h2v1H69zM72 77h2v1H72zM75 77h2v1H75zM82 77h2v1H82zM86,77 h3v1H86zM0 78h1v1H0zM3 78h1v1H3zM6 78h1v1H6zM8 78h1v1H8zM11 78h2v1H11zM15 78h1v1H15zM18 78h2v1H18zM25 78h1v1H25zM27 78h1v1H27zM30 78h2v1H30zM33 78h5v1H33zM41 78h1v1H41zM44 78h2v1H44zM47 78h1v1H47zM49 78h1v1H49zM51 78h2v1H51zM57 78h1v1H57zM60 78h2v1H60zM64 78h2v1H64zM68 78h2v1H68zM71 78h1v1H71zM73 78h1v1H73zM75 78h3v1H75zM81 78h1v1H81zM83 78h4v1H83zM88,78 h1v1H88zM0 79h2v1H0zM4 79h2v1H4zM10 79h1v1H10zM14 79h7v1H14zM22 79h2v1H22zM26 79h1v1H26zM28 79h1v1H28zM31 79h1v1H31zM33 79h2v1H33zM38 79h2v1H38zM42 79h1v1H42zM44 79h1v1H44zM47 79h3v1H47zM54 79h2v1H54zM57 79h1v1H57zM60 79h3v1H60zM64 79h2v1H64zM67 79h1v1H67zM69 79h2v1H69zM76 79h1v1H76zM79 79h1v1H79zM81 79h1v1H81zM85 79h1v1H85zM88,79 h1v1H88zM0 80h1v1H0zM3 80h1v1H3zM6 80h1v1H6zM9 80h1v1H9zM11 80h7v1H11zM20 80h1v1H20zM26 80h1v1H26zM28 80h5v1H28zM36 80h2v1H36zM39 80h2v1H39zM42 80h2v1H42zM47 80h3v1H47zM51 80h10v1H51zM62 80h1v1H62zM64 80h2v1H64zM68 80h1v1H68zM71 80h3v1H71zM77 80h1v1H77zM80 80h8v1H80zM8 81h1v1H8zM10 81h2v1H10zM15 81h1v1H15zM17 81h1v1H17zM19 81h1v1H19zM22 81h3v1H22zM27 81h2v1H27zM32 81h2v1H32zM35 81h2v1H35zM41 81h1v1H41zM43 81h1v1H43zM45 81h1v1H45zM48 81h1v1H48zM51 81h4v1H51zM58 81h2v1H58zM61 81h1v1H61zM64 81h6v1H64zM73 81h1v1H73zM75 81h1v1H75zM77 81h1v1H77zM79 81h2v1H79zM84 81h2v1H84zM87,81 h2v1H87zM0 82h7v1H0zM8 82h1v1H8zM10 82h4v1H10zM15 82h4v1H15zM20 82h3v1H20zM26 82h3v1H26zM30 82h1v1H30zM32 82h3v1H32zM36 82h2v1H36zM39 82h1v1H39zM46 82h1v1H46zM53 82h2v1H53zM56 82h1v1H56zM58 82h1v1H58zM60 82h1v1H60zM63 82h3v1H63zM68 82h4v1H68zM74 82h1v1H74zM76 82h3v1H76zM80 82h1v1H80zM82 82h1v1H82zM84 82h3v1H84zM0 83h1v1H0zM6 83h1v1H6zM9 83h1v1H9zM11 83h1v1H11zM14 83h2v1H14zM17 83h4v1H17zM22 83h1v1H22zM24 83h1v1H24zM27 83h2v1H27zM32 83h1v1H32zM36 83h2v1H36zM39 83h2v1H39zM42 83h1v1H42zM45 83h6v1H45zM52 83h1v1H52zM54 83h1v1H54zM58 83h3v1H58zM62 83h1v1H62zM64 83h1v1H64zM72 83h2v1H72zM76 83h2v1H76zM79 83h2v1H79zM84 83h3v1H84zM88,83 h1v1H88zM0 84h1v1H0zM2 84h3v1H2zM6 84h1v1H6zM9 84h2v1H9zM15 84h2v1H15zM18 84h2v1H18zM23 84h1v1H23zM25 84h2v1H25zM28 84h5v1H28zM34 84h3v1H34zM39 84h4v1H39zM44 84h2v1H44zM47 84h2v1H47zM51 84h8v1H51zM61 84h2v1H61zM70 84h1v1H70zM76 84h2v1H76zM80 84h5v1H80zM0 85h1v1H0zM2 85h3v1H2zM6 85h1v1H6zM8 85h4v1H8zM15 85h3v1H15zM23 85h1v1H23zM26 85h2v1H26zM34 85h1v1H34zM36 85h1v1H36zM39 85h1v1H39zM44 85h3v1H44zM48 85h2v1H48zM60 85h1v1H60zM65 85h5v1H65zM71 85h2v1H71zM74 85h2v1H74zM77 85h2v1H77zM81 85h2v1H81zM84 85h2v1H84zM87,85 h2v1H87zM0 86h1v1H0zM2 86h3v1H2zM6 86h1v1H6zM10 86h1v1H10zM13 86h2v1H13zM18 86h1v1H18zM20 86h4v1H20zM28 86h5v1H28zM34 86h5v1H34zM40 86h2v1H40zM47 86h2v1H47zM50 86h1v1H50zM52 86h2v1H52zM55 86h1v1H55zM57 86h2v1H57zM61 86h3v1H61zM67 86h1v1H67zM69 86h1v1H69zM71 86h1v1H71zM73 86h4v1H73zM79 86h1v1H79zM84 86h1v1H84zM88,86 h1v1H88zM0 87h1v1H0zM6 87h1v1H6zM8 87h3v1H8zM14 87h1v1H14zM17 87h2v1H17zM21 87h2v1H21zM27 87h2v1H27zM31 87h2v1H31zM35 87h2v1H35zM38 87h1v1H38zM42 87h1v1H42zM44 87h2v1H44zM47 87h2v1H47zM52 87h1v1H52zM54 87h3v1H54zM60 87h1v1H60zM62 87h1v1H62zM64 87h2v1H64zM68 87h1v1H68zM72 87h3v1H72zM79 87h3v1H79zM84 87h1v1H84zM87 87h1v1H87zM0 88h7v1H0zM8 88h1v1H8zM10 88h2v1H10zM13 88h1v1H13zM16 88h1v1H16zM18 88h1v1H18zM20 88h1v1H20zM22 88h2v1H22zM25 88h1v1H25zM27 88h2v1H27zM32 88h2v1H32zM36 88h1v1H36zM38 88h2v1H38zM41 88h1v1H41zM43 88h2v1H43zM46 88h3v1H46zM50 88h2v1H50zM54 88h1v1H54zM60 88h2v1H60zM64 88h1v1H64zM67 88h2v1H67zM70 88h1v1H70zM73 88h1v1H73zM76 88h3v1H76zM80 88h3v1H80zM84 88h2v1H84zM87 88h1v1H87z"
        fill="#000000"
      />
    </svg>
  </div>
</div>
`;
