// Jest Snapshot v1, https://goo.gl/fbAQLP

exports[`<FavoritesContainer /> matches snapshot 1`] = `
<div
  className="sc-bdVaJa ejjpCE"
>
  <p>
    first image VERSUS some image
  </p>
</div>
`;
